Output root: /home/runner/work/todo/todo/out/jewels/neckless/1
Opening category page: https://www.quince.com/women/jewelry/necklaces-all/lab-grown-diamond-necklaces
  category reports 15 items
Discovered 15 product URLs (in page order):
   1. https://www.quince.com/women/14k-gold-lab-grown-diamond-graduated-bar-necklace---0.50ctw?color=yellow-gold
   2. https://www.quince.com/women/14k-gold-lab-grown-diamond-graduated-tennis-necklace---15ctw?color=white-gold
   3. https://www.quince.com/women/14k-gold-lab-grown-diamond-tennis-necklace---7ctw?color=white-gold
   4. https://www.quince.com/women/14k-gold-lab-grown-diamond-bezel-solitaire-necklace---0.50ct?color=yellow-gold
   5. https://www.quince.com/women/14k-gold-lab-grown-diamond-pendant---1ctw?color=white-gold
   6. https://www.quince.com/women/14k-gold-lab-grown-diamond-pendant---2ctw?color=yellow-gold
   7. https://www.quince.com/women/14k-gold-lab-grown-diamond-pear-necklace---1ctw?color=yellow-gold
   8. https://www.quince.com/women/14k-gold-lab-grown-diamond-round-and-pear-drop-necklace?color=yellow-gold
   9. https://www.quince.com/women/14k-gold-lab-grown-diamond-graduated-tennis-necklace---15ctw?color=yellow-gold
  10. https://www.quince.com/women/14k-gold-lab-grown-diamond-tennis-necklace---7ctw?color=yellow-gold
  11. https://www.quince.com/women/14k-gold-lab-grown-diamond-pendant---1ctw?color=yellow-gold
  12. https://www.quince.com/women/14k-gold-lab-grown-diamond-pendant---2ctw?color=white-gold
  13. https://www.quince.com/women/14k-gold-lab-grown-diamond-pear-necklace---1ctw?color=white-gold
  14. https://www.quince.com/women/14k-gold-lab-grown-diamond-round-and-pear-drop-necklace?color=white-gold
  15. https://www.quince.com/women/14k-gold-lab-grown-diamond-bezel-graduated-tennis-necklace---7ctw?color=yellow-gold

[1/15] https://www.quince.com/women/14k-gold-lab-grown-diamond-graduated-bar-necklace---0.50ctw?color=yellow-gold
    name : 14K Gold Lab Grown Diamond Graduated Bar Necklace - 0.50ctw in Yellow Gold
    price: $398.00
    gallery images found: 4
    photo_1.jpg  (1600x2000, 407 KB)
    photo_2.jpg  (1600x2000, 3375 KB)
    photo_3.jpg  (1600x2000, 439 KB)
    photo_4.jpg  (1600x2000, 2907 KB)
    details.png captured (expanded after 1 click(s))

[2/15] https://www.quince.com/women/14k-gold-lab-grown-diamond-graduated-tennis-necklace---15ctw?color=white-gold
    name : 14K Gold Lab Grown Diamond Graduated Tennis Necklace in White Gold
    price: $6,900.00
    gallery images found: 4
    photo_1.jpg  (2165x2706, 784 KB)
    photo_2.jpg  (2400x3000, 1344 KB)
    photo_3.jpg  (2541x3176, 985 KB)
    photo_4.jpg  (2022x2528, 686 KB)
    details.png captured (expanded after 1 click(s))

[3/15] https://www.quince.com/women/14k-gold-lab-grown-diamond-tennis-necklace---7ctw?color=white-gold
    name : 14K Gold Lab Grown Diamond Tennis Necklace in White Gold
    price: $3,700.00
    gallery images found: 2
    photo_1.jpg  (2400x3000, 883 KB)
    photo_2.jpg  (2400x3000, 1103 KB)
    details.png captured (expanded after 1 click(s))

[4/15] https://www.quince.com/women/14k-gold-lab-grown-diamond-bezel-solitaire-necklace---0.50ct?color=yellow-gold
    name : 14K Gold Lab Grown Diamond Bezel Necklace in Yellow Gold
    price: $498.00
    gallery images found: 5
    photo_1.jpg  (2136x2670, 759 KB)
    photo_2.jpg  (2400x3000, 2081 KB)
    photo_3.jpg  (2136x2670, 835 KB)
    photo_4.jpg  (2400x3000, 3303 KB)
    photo_5.jpg  (1850x2313, 573 KB)
    details.png captured (expanded after 1 click(s))

[5/15] https://www.quince.com/women/14k-gold-lab-grown-diamond-pendant---1ctw?color=white-gold
    name : 14K Gold Lab Grown Diamond Solitaire Necklace in White Gold
    price: $698.00
    gallery images found: 3
    photo_1.jpg  (2033x2541, 572 KB)
    photo_2.jpg  (2033x2541, 587 KB)
    photo_3.jpg  (2400x3000, 650 KB)
    details.png captured (expanded after 1 click(s))

[6/15] https://www.quince.com/women/14k-gold-lab-grown-diamond-pendant---2ctw?color=yellow-gold
    name : 14K Gold Lab Grown Diamond Solitaire Necklace in Yellow Gold
    price: $1,200.00
    gallery images found: 6
    photo_1.jpg  (2033x2541, 696 KB)
    photo_2.jpg  (1080x1350, 2276 KB)
    photo_3.jpg  (2400x3000, 2150 KB)
    photo_4.jpg  (2323x2904, 1026 KB)
    photo_5.jpg  (2400x3000, 1942 KB)
    photo_6.jpg  (2400x3000, 671 KB)
    details.png captured (expanded after 1 click(s))

[7/15] https://www.quince.com/women/14k-gold-lab-grown-diamond-pear-necklace---1ctw?color=yellow-gold
    name : 14K Gold Lab Grown Diamond Pear Necklace - 1ctw in Yellow Gold
    price: $698.00
    gallery images found: 7
    photo_1.jpg  (2400x3000, 1112 KB)
    photo_2.jpg  (3542x4427, 8760 KB)
    photo_3.jpg  (2400x3000, 727 KB)
    photo_4.jpg  (1600x2000, 1187 KB)
    photo_5.jpg  (1662x2077, 548 KB)
    photo_6.jpg  (1600x2000, 1431 KB)
    photo_7.jpg  (1760x2200, 441 KB)
    details.png captured (expanded after 1 click(s))

[8/15] https://www.quince.com/women/14k-gold-lab-grown-diamond-round-and-pear-drop-necklace?color=yellow-gold
    name : 14K Gold Lab Grown Diamond Round & Pear Drop Necklace in Yellow Gold
    price: $998.00
    gallery images found: 4
    photo_1.jpg  (2400x3000, 809 KB)
    photo_2.jpg  (1600x2000, 3102 KB)
    photo_3.jpg  (2400x3000, 793 KB)
    photo_4.jpg  (1600x2000, 2832 KB)
    details.png captured (expanded after 1 click(s))

[9/15] https://www.quince.com/women/14k-gold-lab-grown-diamond-graduated-tennis-necklace---15ctw?color=yellow-gold
    name : 14K Gold Lab Grown Diamond Graduated Tennis Necklace in Yellow Gold
    price: $6,900.00
    gallery images found: 6
    photo_1.jpg  (2165x2706, 883 KB)
    photo_2.jpg  (2400x3000, 1635 KB)
    photo_3.jpg  (2400x3000, 1596 KB)
    photo_4.jpg  (2400x3000, 1303 KB)
    photo_5.jpg  (2541x3176, 1283 KB)
    photo_6.jpg  (2022x2528, 795 KB)
    details.png captured (expanded after 1 click(s))

[10/15] https://www.quince.com/women/14k-gold-lab-grown-diamond-tennis-necklace---7ctw?color=yellow-gold
    name : 14K Gold Lab Grown Diamond Tennis Necklace in Yellow Gold
    price: $3,700.00
    gallery images found: 6
    photo_1.jpg  (2400x3000, 1219 KB)
    photo_2.jpg  (3986x4983, 8043 KB)
    photo_3.jpg  (4038x5047, 8448 KB)
    photo_4.jpg  (2400x3000, 1572 KB)
    photo_5.jpg  (2400x3000, 3392 KB)
    photo_6.jpg  (2400x3000, 1910 KB)
    details.png captured (expanded after 1 click(s))

[11/15] https://www.quince.com/women/14k-gold-lab-grown-diamond-pendant---1ctw?color=yellow-gold
    name : 14K Gold Lab Grown Diamond Solitaire Necklace in Yellow Gold
    price: $698.00
    gallery images found: 6
    photo_1.jpg  (2033x2541, 642 KB)
    photo_2.jpg  (4008x5010, 9252 KB)
    photo_3.jpg  (2033x2541, 642 KB)
    photo_4.jpg  (2400x3000, 2002 KB)
    photo_5.jpg  (2400x3000, 664 KB)
    photo_6.jpg  (2400x3000, 2061 KB)
    details.png captured (expanded after 1 click(s))

[12/15] https://www.quince.com/women/14k-gold-lab-grown-diamond-pendant---2ctw?color=white-gold
    name : 14K Gold Lab Grown Diamond Solitaire Necklace in White Gold
    price: $1,200.00
    gallery images found: 4
    photo_1.jpg  (2033x2541, 601 KB)
    photo_2.jpg  (2323x2904, 872 KB)
    photo_3.jpg  (2400x3000, 635 KB)
    photo_4.jpg  (1080x1350, 2276 KB)
    details.png captured (expanded after 1 click(s))

[13/15] https://www.quince.com/women/14k-gold-lab-grown-diamond-pear-necklace---1ctw?color=white-gold
    name : 14K Gold Lab Grown Diamond Pear Necklace - 1ctw in White Gold
    price: $698.00
    gallery images found: 6
    photo_1.jpg  (2400x3000, 956 KB)
    photo_2.jpg  (1600x2000, 2166 KB)
    photo_3.jpg  (2400x3000, 682 KB)
    photo_4.jpg  (1600x2000, 2064 KB)
    photo_5.jpg  (1662x2077, 468 KB)
    photo_6.jpg  (1760x2200, 400 KB)
    details.png captured (expanded after 1 click(s))

[14/15] https://www.quince.com/women/14k-gold-lab-grown-diamond-round-and-pear-drop-necklace?color=white-gold
    name : 14K Gold Lab Grown Diamond Round & Pear Drop Necklace in White Gold
    price: $998.00
    gallery images found: 2
    photo_1.jpg  (2400x3000, 705 KB)
    photo_2.jpg  (2400x3000, 693 KB)
    details.png captured (expanded after 1 click(s))

[15/15] https://www.quince.com/women/14k-gold-lab-grown-diamond-bezel-graduated-tennis-necklace---7ctw?color=yellow-gold
    name : 14K Gold Lab Grown Diamond Bezel Graduated Tennis Necklace - 5-7ctw in Yellow Gold
    price: $4,800.00
    gallery images found: 6
    photo_1.jpg  (2400x3000, 950 KB)
    photo_2.jpg  (1600x2000, 1830 KB)
    photo_3.jpg  (2400x3000, 1369 KB)
    photo_4.jpg  (1600x2000, 1782 KB)
    photo_5.jpg  (2400x3000, 1106 KB)
    photo_6.jpg  (2400x3000, 1018 KB)
    details.png captured (expanded after 1 click(s))

 #  Product                                                     Price  Photos  Details  Status
----------------------------------------------------------------------------------------------------
 1  14K Gold Lab Grown Diamond Graduated Bar Necklace...      $398.00       4      yes  OK
 2  14K Gold Lab Grown Diamond Graduated Tennis Neckl...    $6,900.00       4      yes  OK
 3  14K Gold Lab Grown Diamond Tennis Necklace in Whi...    $3,700.00       2      yes  OK
 4  14K Gold Lab Grown Diamond Bezel Necklace in Yell...      $498.00       5      yes  OK
 5  14K Gold Lab Grown Diamond Solitaire Necklace in ...      $698.00       3      yes  OK
 6  14K Gold Lab Grown Diamond Solitaire Necklace in ...    $1,200.00       6      yes  OK
 7  14K Gold Lab Grown Diamond Pear Necklace - 1ctw i...      $698.00       7      yes  OK
 8  14K Gold Lab Grown Diamond Round & Pear Drop Neck...      $998.00       4      yes  OK
 9  14K Gold Lab Grown Diamond Graduated Tennis Neckl...    $6,900.00       6      yes  OK
10  14K Gold Lab Grown Diamond Tennis Necklace in Yel...    $3,700.00       6      yes  OK
11  14K Gold Lab Grown Diamond Solitaire Necklace in ...      $698.00       6      yes  OK
12  14K Gold Lab Grown Diamond Solitaire Necklace in ...    $1,200.00       4      yes  OK
13  14K Gold Lab Grown Diamond Pear Necklace - 1ctw i...      $698.00       6      yes  OK
14  14K Gold Lab Grown Diamond Round & Pear Drop Neck...      $998.00       2      yes  OK
15  14K Gold Lab Grown Diamond Bezel Graduated Tennis...    $4,800.00       6      yes  OK
----------------------------------------------------------------------------------------------------
Done: 15/15 products scraped, 71 photos total, 15 details screenshots.
